https://archive-api.open-meteo.com/v1/archive?latitude=14.03&longitude=-86.57&start_date=1981-01-01&end_date=2026-09-23&daily=precipitation_sum,temperature_2m_max,temperature_2m_min&models=era5_land&timezone=America%2FTegucigalpa	200	
https://archive-api.open-meteo.com/v1/archive?latitude=13.87&longitude=-86.56&start_date=1981-01-01&end_date=2026-09-23&daily=precipitation_sum,temperature_2m_max,temperature_2m_min&models=era5_land&timezone=America%2FTegucigalpa	200	
https://archive-api.open-meteo.com/v1/archive?latitude=14.6&longitude=-87.83&start_date=1981-01-01&end_date=2026-09-23&daily=precipitation_sum,temperature_2m_max,temperature_2m_min&models=era5_land&timezone=America%2FTegucigalpa	429	
https://archive-api.open-meteo.com/v1/archive?latitude=14.6&longitude=-87.83&start_date=1981-01-01&end_date=2026-09-23&daily=precipitation_sum,temperature_2m_max,temperature_2m_min&models=era5_land&timezone=America%2FTegucigalpa	200	
https://archive-api.open-meteo.com/v1/archive?latitude=14.72&longitude=-87.6&start_date=1981-01-01&end_date=2026-09-23&daily=precipitation_sum,temperature_2m_max,temperature_2m_min&models=era5_land&timezone=America%2FTegucigalpa	200	
https://archive-api.open-meteo.com/v1/archive?latitude=14.16&longitude=-88.03&start_date=1981-01-01&end_date=2026-09-23&daily=precipitation_sum,temperature_2m_max,temperature_2m_min&models=era5_land&timezone=America%2FTegucigalpa	200	
https://archive-api.open-meteo.com/v1/archive?latitude=14.92&longitude=-88.24&start_date=1981-01-01&end_date=2026-09-23&daily=precipitation_sum,temperature_2m_max,temperature_2m_min&models=era5_land&timezone=America%2FTegucigalpa	200	
https://archive-api.open-meteo.com/v1/archive?latitude=14.59&longitude=-88.58&start_date=1981-01-01&end_date=2026-09-23&daily=precipitation_sum,temperature_2m_max,temperature_2m_min&models=era5_land&timezone=America%2FTegucigalpa	429	
https://archive-api.open-meteo.com/v1/archive?latitude=14.59&longitude=-88.58&start_date=1981-01-01&end_date=2026-09-23&daily=precipitation_sum,temperature_2m_max,temperature_2m_min&models=era5_land&timezone=America%2FTegucigalpa	000	curl: (35) OpenSSL SSL_connect: SSL_ERROR_SYSCALL in connection to archive-api.open-meteo.com:443
https://archive-api.open-meteo.com/v1/archive?latitude=14.77&longitude=-88.78&start_date=1981-01-01&end_date=2026-09-23&daily=precipitation_sum,temperature_2m_max,temperature_2m_min&models=era5_land&timezone=America%2FTegucigalpa	429	
https://archive-api.open-meteo.com/v1/archive?latitude=14.77&longitude=-88.78&start_date=1981-01-01&end_date=2026-09-23&daily=precipitation_sum,temperature_2m_max,temperature_2m_min&models=era5_land&timezone=America%2FTegucigalpa	000	curl: (35) OpenSSL SSL_connect: SSL_ERROR_SYSCALL in connection to archive-api.open-meteo.com:443
https://archive-api.open-meteo.com/v1/archive?latitude=14.43&longitude=-89.18&start_date=1981-01-01&end_date=2026-09-23&daily=precipitation_sum,temperature_2m_max,temperature_2m_min&models=era5_land&timezone=America%2FTegucigalpa	200	
https://archive-api.open-meteo.com/v1/archive?latitude=14.31&longitude=-88.18&start_date=1981-01-01&end_date=2026-09-23&daily=precipitation_sum,temperature_2m_max,temperature_2m_min&models=era5_land&timezone=America%2FTegucigalpa	000	curl: (35) OpenSSL SSL_connect: SSL_ERROR_SYSCALL in connection to archive-api.open-meteo.com:443
https://archive-api.open-meteo.com/v1/archive?latitude=14.55&longitude=-86.65&start_date=1981-01-01&end_date=2026-09-23&daily=precipitation_sum,temperature_2m_max,temperature_2m_min&models=era5_land&timezone=America%2FTegucigalpa	429	
https://archive-api.open-meteo.com/v1/archive?latitude=14.55&longitude=-86.65&start_date=1981-01-01&end_date=2026-09-23&daily=precipitation_sum,temperature_2m_max,temperature_2m_min&models=era5_land&timezone=America%2FTegucigalpa	000	curl: (35) OpenSSL SSL_connect: SSL_ERROR_SYSCALL in connection to archive-api.open-meteo.com:443
https://archive-api.open-meteo.com/v1/archive?latitude=15.14&longitude=-87.13&start_date=1981-01-01&end_date=2026-09-23&daily=precipitation_sum,temperature_2m_max,temperature_2m_min&models=era5_land&timezone=America%2FTegucigalpa	429	
https://archive-api.open-meteo.com/v1/archive?latitude=15.14&longitude=-87.13&start_date=1981-01-01&end_date=2026-09-23&daily=precipitation_sum,temperature_2m_max,temperature_2m_min&models=era5_land&timezone=America%2FTegucigalpa	429	
https://archive-api.open-meteo.com/v1/archive?latitude=15.14&longitude=-87.13&start_date=1981-01-01&end_date=2026-09-23&daily=precipitation_sum,temperature_2m_max,temperature_2m_min&models=era5_land&timezone=America%2FTegucigalpa	429	
https://archive-api.open-meteo.com/v1/archive?latitude=15.14&longitude=-87.13&start_date=1981-01-01&end_date=2026-09-23&daily=precipitation_sum,temperature_2m_max,temperature_2m_min&models=era5_land&timezone=America%2FTegucigalpa	200	
https://archive-api.open-meteo.com/v1/archive?latitude=14.15&longitude=-87.04&start_date=1981-01-01&end_date=2026-09-23&daily=precipitation_sum,temperature_2m_max,temperature_2m_min&models=era5_land&timezone=America%2FTegucigalpa	429	
https://archive-api.open-meteo.com/v1/archive?latitude=14.15&longitude=-87.04&start_date=1981-01-01&end_date=2026-09-23&daily=precipitation_sum,temperature_2m_max,temperature_2m_min&models=era5_land&timezone=America%2FTegucigalpa	000	curl: (35) OpenSSL SSL_connect: SSL_ERROR_SYSCALL in connection to archive-api.open-meteo.com:443
DONE
https://archive-api.open-meteo.com/v1/archive?latitude=14.59&longitude=-88.58&start_date=1981-01-01&end_date=2026-09-23&daily=precipitation_sum,temperature_2m_max,temperature_2m_min&models=era5_land&timezone=America%2FTegucigalpa	000	curl: (35) OpenSSL SSL_connect: SSL_ERROR_SYSCALL in connection to archive-api.open-meteo.com:443  (retry pass)
https://archive-api.open-meteo.com/v1/archive?latitude=14.77&longitude=-88.78&start_date=1981-01-01&end_date=2026-09-23&daily=precipitation_sum,temperature_2m_max,temperature_2m_min&models=era5_land&timezone=America%2FTegucigalpa	200	 (retry pass)
https://archive-api.open-meteo.com/v1/archive?latitude=14.31&longitude=-88.18&start_date=1981-01-01&end_date=2026-09-23&daily=precipitation_sum,temperature_2m_max,temperature_2m_min&models=era5_land&timezone=America%2FTegucigalpa	429	 (retry pass)
https://archive-api.open-meteo.com/v1/archive?latitude=14.55&longitude=-86.65&start_date=1981-01-01&end_date=2026-09-23&daily=precipitation_sum,temperature_2m_max,temperature_2m_min&models=era5_land&timezone=America%2FTegucigalpa	429	 (retry pass)
https://archive-api.open-meteo.com/v1/archive?latitude=14.15&longitude=-87.04&start_date=1981-01-01&end_date=2026-09-23&daily=precipitation_sum,temperature_2m_max,temperature_2m_min&models=era5_land&timezone=America%2FTegucigalpa	200	 (retry pass)
